<html>
<body>
<pre>
<h1>µVision Build Log</h1>
<h2>Project:</h2>
C:\Users\Siriluck\Desktop\LAB-05\project.uvproj
Project File Date:  11/30/2015

<h2>Output:</h2>
Build target 'Target 1'
assembling startup_stm32l1xx_md.s...
compiling main.c...
compiling stm32l1xx_adc.c...
compiling stm32l1xx_rcc.c...
compiling stm32l1xx_gpio.c...
compiling system_stm32l1xx.c...
linking...
Program Size: Code=932 RO-data=276 RW-data=32 ZI-data=1632  
FromELF: creating hex file...
".\Obj\project.axf" - 0 Error(s), 0 Warning(s).
Build target 'Target 1'
compiling main.c...
User\main.c(44): warning:  #1-D: last line of file ends without a newline
linking...
Program Size: Code=4148 RO-data=276 RW-data=64 ZI-data=1632  
FromELF: creating hex file...
".\Obj\project.axf" - 0 Error(s), 1 Warning(s).
Load "C:\\Users\\Siriluck\\Desktop\\LAB-05\\Obj\\project.axf" 
Erase Done.
Programming Done.
Verify OK.
Build target 'Target 1'
compiling main.c...
User\main.c(44): warning:  #1-D: last line of file ends without a newline
linking...
Program Size: Code=4168 RO-data=276 RW-data=64 ZI-data=1632  
FromELF: creating hex file...
".\Obj\project.axf" - 0 Error(s), 1 Warning(s).
Load "C:\\Users\\Siriluck\\Desktop\\LAB-05\\Obj\\project.axf" 
Erase Done.
Programming Done.
Verify OK.
Build target 'Target 1'
compiling main.c...
User\main.c(9): warning:  #1295-D: Deprecated declaration clear_display - give arg types
User\main.c(94): warning:  #1-D: last line of file ends without a newline
linking...
Program Size: Code=4472 RO-data=276 RW-data=104 ZI-data=1632  
FromELF: creating hex file...
".\Obj\project.axf" - 0 Error(s), 2 Warning(s).
Load "C:\\Users\\Siriluck\\Desktop\\LAB-05\\Obj\\project.axf" 
Erase Done.
Programming Done.
Verify OK.
Build target 'Target 1'
compiling main.c...
User\main.c(9): warning:  #1295-D: Deprecated declaration clear_display - give arg types
User\main.c(96): warning:  #1-D: last line of file ends without a newline
linking...
Program Size: Code=4476 RO-data=276 RW-data=104 ZI-data=1632  
FromELF: creating hex file...
".\Obj\project.axf" - 0 Error(s), 2 Warning(s).
Load "C:\\Users\\Siriluck\\Desktop\\LAB-05\\Obj\\project.axf" 
Erase Done.
Programming Done.
Verify OK.
Build target 'Target 1'
compiling main.c...
User\main.c(9): warning:  #1295-D: Deprecated declaration clear_display - give arg types
User\main.c(100): warning:  #1-D: last line of file ends without a newline
linking...
Program Size: Code=4616 RO-data=276 RW-data=104 ZI-data=1632  
FromELF: creating hex file...
".\Obj\project.axf" - 0 Error(s), 2 Warning(s).
Load "C:\\Users\\Siriluck\\Desktop\\LAB-05\\Obj\\project.axf" 
Erase Done.
Programming Done.
Verify OK.
Build target 'Target 1'
compiling main.c...
linking...
Program Size: Code=4600 RO-data=276 RW-data=104 ZI-data=1632  
FromELF: creating hex file...
".\Obj\project.axf" - 0 Error(s), 0 Warning(s).
Load "C:\\Users\\Siriluck\\Desktop\\LAB-05\\Obj\\project.axf" 
Erase Done.
Programming Done.
Verify OK.
