<html>
<body>
<pre>
<h1>µVision Build Log</h1>
<h2>Project:</h2>
C:\Nuvoton\BSP Library\NUC100SeriesBSP_CMSIS_v1.05.003\NuvotonPlatform_Keil\Sample\NUC1xx-LB_002\09-labNuvoton\project.uvproj
Project File Date:  08/25/2016

<h2>Output:</h2>
Build target 'Target 1'
assembling startup_NUC1xx.s...
compiling core_cm0.c...
compiling system_NUC1xx.c...
compiling Ascii_Table.C...
compiling LCD_Driver.c...
compiling ScanKey.c...
compiling Seven_Segment.c...
compiling DrvGPIO.c...
compiling DrvSYS.c...
compiling main.c...
linking...
Program Size: Code=7352 RO-data=240 RW-data=52 ZI-data=1124  
FromELF: creating hex file...
User command #1: fromelf --bin ".\obj\project.axf" --output ".\obj\project.bin"
User command #2: fromelf --text -c ".\obj\project.axf" --output ".\obj\project.txt"
".\obj\project.axf" - 0 Error(s), 0 Warning(s).
Build target 'Target 1'
compiling main.c...
user\main.c(5): warning:  #1-D: last line of file ends without a newline
linking...
Program Size: Code=7352 RO-data=240 RW-data=52 ZI-data=1124  
FromELF: creating hex file...
User command #1: fromelf --bin ".\obj\project.axf" --output ".\obj\project.bin"
User command #2: fromelf --text -c ".\obj\project.axf" --output ".\obj\project.txt"
".\obj\project.axf" - 0 Error(s), 1 Warning(s).
Build target 'Target 1'
compiling main.c...
linking...
Program Size: Code=7352 RO-data=240 RW-data=52 ZI-data=1124  
FromELF: creating hex file...
User command #1: fromelf --bin ".\obj\project.axf" --output ".\obj\project.bin"
User command #2: fromelf --text -c ".\obj\project.axf" --output ".\obj\project.txt"
".\obj\project.axf" - 0 Error(s), 0 Warning(s).
Build target 'Target 1'
compiling main.c...
linking...
Program Size: Code=7380 RO-data=240 RW-data=52 ZI-data=1124  
FromELF: creating hex file...
User command #1: fromelf --bin ".\obj\project.axf" --output ".\obj\project.bin"
User command #2: fromelf --text -c ".\obj\project.axf" --output ".\obj\project.txt"
".\obj\project.axf" - 0 Error(s), 0 Warning(s).
Build target 'Target 1'
linking...
Program Size: Code=7380 RO-data=240 RW-data=52 ZI-data=1124  
FromELF: creating hex file...
User command #1: fromelf --bin ".\obj\project.axf" --output ".\obj\project.bin"
User command #2: fromelf --text -c ".\obj\project.axf" --output ".\obj\project.txt"
".\obj\project.axf" - 0 Error(s), 0 Warning(s).
Build target 'Target 1'
linking...
Program Size: Code=7380 RO-data=240 RW-data=52 ZI-data=1124  
FromELF: creating hex file...
User command #1: fromelf --bin ".\obj\project.axf" --output ".\obj\project.bin"
User command #2: fromelf --text -c ".\obj\project.axf" --output ".\obj\project.txt"
".\obj\project.axf" - 0 Error(s), 0 Warning(s).
Load "C:\\Nuvoton\\BSP Library\\NUC100SeriesBSP_CMSIS_v1.05.003\\NuvotonPlatform_Keil\\Sample\\NUC1xx-LB_002\\09-labNuvoton\\obj\\project.axf" 
Load "C:\\Nuvoton\\BSP Library\\NUC100SeriesBSP_CMSIS_v1.05.003\\NuvotonPlatform_Keil\\Sample\\NUC1xx-LB_002\\09-labNuvoton\\obj\\project.axf" 
Build target 'Target 1'
compiling main.c...
linking...
Program Size: Code=8660 RO-data=240 RW-data=1588 ZI-data=1124  
FromELF: creating hex file...
User command #1: fromelf --bin ".\obj\project.axf" --output ".\obj\project.bin"
User command #2: fromelf --text -c ".\obj\project.axf" --output ".\obj\project.txt"
".\obj\project.axf" - 0 Error(s), 0 Warning(s).
Load "C:\\Nuvoton\\BSP Library\\NUC100SeriesBSP_CMSIS_v1.05.003\\NuvotonPlatform_Keil\\Sample\\NUC1xx-LB_002\\09-labNuvoton\\obj\\project.axf" 
Build target 'Target 1'
compiling main.c...
linking...
Program Size: Code=9516 RO-data=244 RW-data=1600 ZI-data=1136  
FromELF: creating hex file...
User command #1: fromelf --bin ".\obj\project.axf" --output ".\obj\project.bin"
User command #2: fromelf --text -c ".\obj\project.axf" --output ".\obj\project.txt"
".\obj\project.axf" - 0 Error(s), 0 Warning(s).
Load "C:\\Nuvoton\\BSP Library\\NUC100SeriesBSP_CMSIS_v1.05.003\\NuvotonPlatform_Keil\\Sample\\NUC1xx-LB_002\\09-labNuvoton\\obj\\project.axf" 
Build target 'Target 1'
compiling main.c...
linking...
Program Size: Code=9504 RO-data=244 RW-data=1600 ZI-data=1136  
FromELF: creating hex file...
User command #1: fromelf --bin ".\obj\project.axf" --output ".\obj\project.bin"
User command #2: fromelf --text -c ".\obj\project.axf" --output ".\obj\project.txt"
".\obj\project.axf" - 0 Error(s), 0 Warning(s).
Build target 'Target 1'
compiling main.c...
linking...
Program Size: Code=9504 RO-data=244 RW-data=1600 ZI-data=1136  
FromELF: creating hex file...
User command #1: fromelf --bin ".\obj\project.axf" --output ".\obj\project.bin"
User command #2: fromelf --text -c ".\obj\project.axf" --output ".\obj\project.txt"
".\obj\project.axf" - 0 Error(s), 0 Warning(s).
Build target 'Target 1'
compiling main.c...
linking...
Program Size: Code=9628 RO-data=244 RW-data=1600 ZI-data=1136  
FromELF: creating hex file...
User command #1: fromelf --bin ".\obj\project.axf" --output ".\obj\project.bin"
User command #2: fromelf --text -c ".\obj\project.axf" --output ".\obj\project.txt"
".\obj\project.axf" - 0 Error(s), 0 Warning(s).
Load "C:\\Nuvoton\\BSP Library\\NUC100SeriesBSP_CMSIS_v1.05.003\\NuvotonPlatform_Keil\\Sample\\NUC1xx-LB_002\\09-labNuvoton\\obj\\project.axf" 
Build target 'Target 1'
compiling main.c...
linking...
Program Size: Code=9992 RO-data=244 RW-data=1624 ZI-data=1352  
FromELF: creating hex file...
User command #1: fromelf --bin ".\obj\project.axf" --output ".\obj\project.bin"
User command #2: fromelf --text -c ".\obj\project.axf" --output ".\obj\project.txt"
".\obj\project.axf" - 0 Error(s), 0 Warning(s).
Load "C:\\Nuvoton\\BSP Library\\NUC100SeriesBSP_CMSIS_v1.05.003\\NuvotonPlatform_Keil\\Sample\\NUC1xx-LB_002\\09-labNuvoton\\obj\\project.axf" 
Build target 'Target 1'
compiling main.c...
linking...
Program Size: Code=9992 RO-data=244 RW-data=1624 ZI-data=1352  
FromELF: creating hex file...
User command #1: fromelf --bin ".\obj\project.axf" --output ".\obj\project.bin"
User command #2: fromelf --text -c ".\obj\project.axf" --output ".\obj\project.txt"
".\obj\project.axf" - 0 Error(s), 0 Warning(s).
Build target 'Target 1'
compiling main.c...
linking...
Program Size: Code=9984 RO-data=244 RW-data=1624 ZI-data=1352  
FromELF: creating hex file...
User command #1: fromelf --bin ".\obj\project.axf" --output ".\obj\project.bin"
User command #2: fromelf --text -c ".\obj\project.axf" --output ".\obj\project.txt"
".\obj\project.axf" - 0 Error(s), 0 Warning(s).
Load "C:\\Nuvoton\\BSP Library\\NUC100SeriesBSP_CMSIS_v1.05.003\\NuvotonPlatform_Keil\\Sample\\NUC1xx-LB_002\\09-labNuvoton\\obj\\project.axf" 
Build target 'Target 1'
compiling main.c...
linking...
Program Size: Code=10016 RO-data=244 RW-data=1624 ZI-data=1352  
FromELF: creating hex file...
User command #1: fromelf --bin ".\obj\project.axf" --output ".\obj\project.bin"
User command #2: fromelf --text -c ".\obj\project.axf" --output ".\obj\project.txt"
".\obj\project.axf" - 0 Error(s), 0 Warning(s).
Load "C:\\Nuvoton\\BSP Library\\NUC100SeriesBSP_CMSIS_v1.05.003\\NuvotonPlatform_Keil\\Sample\\NUC1xx-LB_002\\09-labNuvoton\\obj\\project.axf" 
